// Jest Snapshot v1, https://goo.gl/fbAQLP

exports[`RatingModal should match the snapshot 1`] = `
"<article className=\\"modal\\" onClick={[Function: onClick]}>
  <h1>
    SELECT YOUR RATING FOR THIS MOVIE:
  </h1>
  <div className=\\"ratings\\">
    <span id=\\"1\\">
      1
    </span>
    <span id=\\"2\\">
      2
    </span>
    <span id=\\"3\\">
      3
    </span>
    <span id=\\"4\\">
      4
    </span>
    <span id=\\"5\\">
      5
    </span>
    <span id=\\"6\\">
      6
    </span>
    <span id=\\"7\\">
      7
    </span>
    <span id=\\"8\\">
      8
    </span>
    <span id=\\"9\\">
      9
    </span>
    <span id=\\"10\\">
      10
    </span>
  </div>
  <button className=\\"submit-button\\" onClick={[Function: onClick]}>
    Submit Rating: 
    4
     
  </button>
  <span className=\\"x\\" onClick={true}>
    X
  </span>
</article>"
`;
