// Jest Snapshot v1, https://goo.gl/fbAQLP

exports[`App should match the App snapshot 1`] = `
<div
  className="App"
>
  <Route
    exact={true}
    path="/login"
    render={[Function]}
  />
  <Route
    exact={true}
    path="/users/:id"
    render={[Function]}
  />
  <Route
    exact={true}
    path="/"
    render={[Function]}
  />
  <Route
    exact={true}
    path="/movies/:id"
    render={[Function]}
  />
</div>
`;
